========================================================================
DNS Block 4 + Block 5 — Enhancement and DNSMOS Evaluation
========================================================================
Job ID        : 66286959
Node          : falcon2
Project dir   : /gpfs/helios/home/etais/hpc_bilal/nn_proj
Challenge dir : /gpfs/helios/home/etais/hpc_bilal/nn_proj
Python file   : /gpfs/helios/home/etais/hpc_bilal/nn_proj/block4and5.py
Started       : Tue Jun  2 20:38:05 EEST 2026
========================================================================
/gpfs/helios/home/etais/hpc_bilal/nn_proj/venv_gpu/lib/python3.9/site-packages/torch/cuda/__init__.py:63: FutureWarning: The pynvml package is deprecated. Please install nvidia-ml-py instead. If you did not install pynvml directly, please report this to the maintainers of the package that installed pynvml for you.
  import pynvml  # type: ignore[import]
========================================================================
DNS Block 4 + Block 5 — Enhancement and DNSMOS Evaluation
========================================================================
Project dir       : /gpfs/helios/home/etais/hpc_bilal/nn_proj
Eval dir          : /gpfs/helios/home/etais/hpc_bilal/nn_proj/eval_dataset
Test pt dir       : /gpfs/helios/home/etais/hpc_bilal/nn_proj/eval_dataset/test/pt_files
Test wav dir      : /gpfs/helios/home/etais/hpc_bilal/nn_proj/eval_dataset/test/wav_files  (not required for full scoring)
Runs dir          : /gpfs/helios/home/etais/hpc_bilal/nn_proj/runs/full_train
Results dir       : /gpfs/helios/home/etais/hpc_bilal/nn_proj/results
Challenge dir     : /gpfs/helios/home/etais/hpc_bilal/nn_proj
DNSMOS script     : /gpfs/helios/home/etais/hpc_bilal/nn_proj/dnsmos_local.py
Baseline script   : /gpfs/helios/home/etais/hpc_bilal/nn_proj/baseline/enhance.py
ONNX model        : /gpfs/helios/home/etais/hpc_bilal/nn_proj/baseline/dec-baseline-model-icassp2022.onnx
N_SCORE           : 2000
WAV_SAVE_COUNT    : 20
========================================================================
Found 2000 test .pt files; scoring 2000.
Found 8 completed model run(s):
  - lr5em03_samp1008_crn_h161  (/gpfs/helios/home/etais/hpc_bilal/nn_proj/runs/full_train/lr5em03_samp1008/crn_h161/best_model.pt)
  - lr5em03_samp1008_gru_h161  (/gpfs/helios/home/etais/hpc_bilal/nn_proj/runs/full_train/lr5em03_samp1008/gru_h161/best_model.pt)
  - lr5em03_samp1504_crn_h161  (/gpfs/helios/home/etais/hpc_bilal/nn_proj/runs/full_train/lr5em03_samp1504/crn_h161/best_model.pt)
  - lr5em03_samp1504_gru_h161  (/gpfs/helios/home/etais/hpc_bilal/nn_proj/runs/full_train/lr5em03_samp1504/gru_h161/best_model.pt)
  - lr5em03_samp2000_crn_h161  (/gpfs/helios/home/etais/hpc_bilal/nn_proj/runs/full_train/lr5em03_samp2000/crn_h161/best_model.pt)
  - lr5em03_samp2000_gru_h161  (/gpfs/helios/home/etais/hpc_bilal/nn_proj/runs/full_train/lr5em03_samp2000/gru_h161/best_model.pt)
  - lr5em03_samp512_crn_h161  (/gpfs/helios/home/etais/hpc_bilal/nn_proj/runs/full_train/lr5em03_samp512/crn_h161/best_model.pt)
  - lr5em03_samp512_gru_h161  (/gpfs/helios/home/etais/hpc_bilal/nn_proj/runs/full_train/lr5em03_samp512/gru_h161/best_model.pt)
Device            : cuda
  GPU 0: Tesla V100-PCIE-32GB
  GPU 1: Tesla V100-PCIE-32GB
  GPU 2: Tesla V100-PCIE-32GB
  GPU 3: Tesla V100-PCIE-32GB

========================================================================
Step 1: Score noisy input reconstructed from test .pt files
========================================================================
  Reconstructing noisy mic wavs from 2000 .pt files ...
    reconstructed noisy 200 files
    reconstructed noisy 400 files
    reconstructed noisy 600 files
    reconstructed noisy 800 files
    reconstructed noisy 1000 files
    reconstructed noisy 1200 files
    reconstructed noisy 1400 files
    reconstructed noisy 1600 files
    reconstructed noisy 1800 files
    reconstructed noisy 2000 files
  Running DNSMOS on 2000 wav files ...
  DNSMOS stderr:
37:28,  1.99it/s]
1939it [37:30,  1.46it/s]
1940it [37:31,  1.27it/s]
1941it [37:31,  1.40it/s]
1942it [37:34,  1.12s/it]
1943it [37:34,  1.00it/s]
1944it [37:37,  1.54s/it]
1945it [37:38,  1.37s/it]
1946it [37:40,  1.49s/it]
1947it [37:42,  1.73s/it]
1948it [37:43,  1.60s/it]
1949it [37:44,  1.40s/it]
1950it [37:46,  1.35s/it]
1951it [37:47,  1.29s/it]
1952it [37:50,  1.77s/it]
1953it [37:51,  1.56s/it]
1954it [37:51,  1.24s/it]
1956it [37:53,  1.05s/it]
1957it [37:54,  1.06it/s]
1958it [37:55,  1.07s/it]
1959it [37:56,  1.14s/it]
1960it [37:58,  1.41s/it]
1961it [38:00,  1.41s/it]
1962it [38:00,  1.15s/it]
1963it [38:02,  1.26s/it]
1964it [38:02,  1.01s/it]
1965it [38:03,  1.02s/it]
1966it [38:04,  1.12it/s]
1967it [38:05,  1.09it/s]
1969it [38:05,  1.67it/s]
1970it [38:06,  1.40it/s]
1971it [38:07,  1.39it/s]
1972it [38:07,  1.72it/s]
1973it [38:10,  1.05s/it]
1974it [38:10,  1.27it/s]
1975it [38:12,  1.13s/it]
1976it [38:12,  1.06it/s]
1977it [38:12,  1.41it/s]
1978it [38:15,  1.34s/it]
1979it [38:16,  1.21s/it]
1980it [38:16,  1.05it/s]
1981it [38:17,  1.10it/s]
1982it [38:18,  1.12it/s]
1983it [38:20,  1.10s/it]
1984it [38:20,  1.23it/s]
1985it [38:20,  1.32it/s]
1986it [38:21,  1.64it/s]
1987it [38:22,  1.45it/s]
1988it [38:22,  1.53it/s]
1989it [38:23,  1.65it/s]
1990it [38:23,  1.67it/s]
1991it [38:24,  2.00it/s]
1992it [38:24,  2.16it/s]
1993it [38:24,  2.65it/s]
1994it [38:25,  2.37it/s]
1996it [38:25,  3.61it/s]
1997it [38:25,  4.18it/s]
2000it [38:25,  1.15s/it]

  Noisy input: SIG=2.239  BAK=2.533  OVRL=1.876  P808=2.624  n=2000

  Running summary:
  System                                             n    SIG    BAK   OVRL   P808
  ------------------------------------------------------------------------------------
  Noisy input                                     2000  2.239  2.533  1.876  2.624

========================================================================
Step 2: Score instructor ONNX baseline
========================================================================
  Preparing 2000 ONNX baseline input pairs ...
  Far-end/lpb is silent zeros because this project is nearend-only.
    ONNX input pairs 200/2000
    ONNX input pairs 400/2000
    ONNX input pairs 600/2000
    ONNX input pairs 800/2000
    ONNX input pairs 1000/2000
    ONNX input pairs 1200/2000
    ONNX input pairs 1400/2000
    ONNX input pairs 1600/2000
    ONNX input pairs 1800/2000
    ONNX input pairs 2000/2000
  Running instructor ONNX baseline enhance.py ...
  ONNX baseline stderr:
██████▊| 1973/2000 [19:39<00:18,  1.46it/s]
 99%|█████████▊| 1974/2000 [19:40<00:17,  1.46it/s]
 99%|█████████▉| 1975/2000 [19:41<00:17,  1.46it/s]
 99%|█████████▉| 1976/2000 [19:41<00:16,  1.46it/s]
 99%|█████████▉| 1977/2000 [19:42<00:15,  1.46it/s]
 99%|█████████▉| 1978/2000 [19:43<00:15,  1.45it/s]
 99%|█████████▉| 1979/2000 [19:44<00:14,  1.45it/s]
 99%|█████████▉| 1980/2000 [19:44<00:13,  1.45it/s]
 99%|█████████▉| 1981/2000 [19:45<00:13,  1.46it/s]
 99%|█████████▉| 1982/2000 [19:46<00:12,  1.46it/s]
 99%|█████████▉| 1983/2000 [19:46<00:11,  1.45it/s]
 99%|█████████▉| 1984/2000 [19:47<00:10,  1.46it/s]
 99%|█████████▉| 1985/2000 [19:48<00:10,  1.46it/s]
 99%|█████████▉| 1986/2000 [19:48<00:09,  1.46it/s]
 99%|█████████▉| 1987/2000 [19:49<00:08,  1.46it/s]
 99%|█████████▉| 1988/2000 [19:50<00:08,  1.46it/s]
 99%|█████████▉| 1989/2000 [19:50<00:07,  1.46it/s]
100%|█████████▉| 1990/2000 [19:51<00:06,  1.46it/s]
100%|█████████▉| 1991/2000 [19:52<00:06,  1.46it/s]
100%|█████████▉| 1992/2000 [19:52<00:05,  1.46it/s]
100%|█████████▉| 1993/2000 [19:53<00:04,  1.46it/s]
100%|█████████▉| 1994/2000 [19:54<00:04,  1.46it/s]
100%|█████████▉| 1995/2000 [19:54<00:03,  1.45it/s]
100%|█████████▉| 1996/2000 [19:55<00:02,  1.41it/s]
100%|█████████▉| 1997/2000 [19:56<00:02,  1.42it/s]
100%|█████████▉| 1998/2000 [19:57<00:01,  1.43it/s]
100%|█████████▉| 1999/2000 [19:57<00:00,  1.43it/s]
100%|██████████| 2000/2000 [19:58<00:00,  1.44it/s]
100%|██████████| 2000/2000 [19:58<00:00,  1.67it/s]

  Resampling/copying 2000 ONNX outputs to 16 kHz for DNSMOS ...
  Running DNSMOS on 2000 wav files ...
  DNSMOS stderr:
37:21,  2.98it/s]
1937it [37:22,  3.09it/s]
1938it [37:22,  3.31it/s]
1939it [37:24,  1.26it/s]
1940it [37:24,  1.50it/s]
1941it [37:27,  1.14s/it]
1942it [37:27,  1.09it/s]
1943it [37:28,  1.21it/s]
1944it [37:30,  1.30s/it]
1945it [37:31,  1.21s/it]
1946it [37:32,  1.09s/it]
1947it [37:33,  1.22s/it]
1948it [37:34,  1.00it/s]
1949it [37:35,  1.02s/it]
1950it [37:35,  1.22it/s]
1951it [37:36,  1.52it/s]
1952it [37:37,  1.16it/s]
1953it [37:42,  2.17s/it]
1954it [37:42,  1.60s/it]
1955it [37:46,  2.32s/it]
1956it [37:47,  1.91s/it]
1957it [37:49,  1.96s/it]
1958it [37:51,  1.82s/it]
1959it [37:52,  1.54s/it]
1960it [37:54,  1.65s/it]
1961it [37:55,  1.46s/it]
1962it [37:55,  1.07s/it]
1963it [37:55,  1.13it/s]
1964it [37:56,  1.15it/s]
1966it [37:56,  2.02it/s]
1967it [37:57,  2.03it/s]
1968it [37:59,  1.23it/s]
1969it [38:02,  1.53s/it]
1971it [38:03,  1.16s/it]
1973it [38:05,  1.05it/s]
1974it [38:05,  1.25it/s]
1975it [38:06,  1.25it/s]
1977it [38:06,  1.87it/s]
1978it [38:07,  1.39it/s]
1979it [38:08,  1.31it/s]
1980it [38:09,  1.44it/s]
1981it [38:09,  1.84it/s]
1982it [38:09,  2.26it/s]
1983it [38:10,  2.14it/s]
1984it [38:12,  1.05it/s]
1985it [38:12,  1.15it/s]
1986it [38:13,  1.10it/s]
1987it [38:14,  1.23it/s]
1988it [38:16,  1.22s/it]
1989it [38:16,  1.06it/s]
1990it [38:17,  1.28it/s]
1991it [38:17,  1.72it/s]
1993it [38:17,  2.82it/s]
1994it [38:17,  3.07it/s]
1995it [38:18,  2.92it/s]
1996it [38:18,  3.17it/s]
1999it [38:18,  6.02it/s]
2000it [38:18,  1.15s/it]

  ONNX baseline: SIG=2.274  BAK=2.766  OVRL=1.937  P808=2.614  n=2000

  Running summary:
  System                                             n    SIG    BAK   OVRL   P808
  ------------------------------------------------------------------------------------
  Noisy input                                     2000  2.239  2.533  1.876  2.624
  ONNX baseline                                   2000  2.274  2.766  1.937  2.614

========================================================================
Step 3: Evaluate lr5em03_samp1008_crn_h161
========================================================================
  Loading CRN h=161 from:
    /gpfs/helios/home/etais/hpc_bilal/nn_proj/runs/full_train/lr5em03_samp1008/crn_h161/best_model.pt
  Enhancing 2000 test samples ...
    enhanced 200/2000  |  22s
    enhanced 400/2000  |  38s
    enhanced 600/2000  |  57s
    enhanced 800/2000  |  77s
    enhanced 1000/2000  |  91s
    enhanced 1200/2000  |  106s
    enhanced 1400/2000  |  123s
    enhanced 1600/2000  |  147s
    enhanced 1800/2000  |  166s
    enhanced 2000/2000  |  186s
  Running DNSMOS on 2000 wav files ...
  DNSMOS stderr:
37:18,  1.29it/s]
1933it [37:19,  1.15it/s]
1934it [37:19,  1.40it/s]
1935it [37:20,  1.13it/s]
1936it [37:21,  1.26it/s]
1937it [37:21,  1.63it/s]
1938it [37:24,  1.18s/it]
1939it [37:24,  1.07it/s]
1940it [37:24,  1.28it/s]
1941it [37:26,  1.07it/s]
1942it [37:27,  1.14it/s]
1943it [37:31,  1.88s/it]
1944it [37:32,  1.62s/it]
1945it [37:32,  1.25s/it]
1946it [37:34,  1.36s/it]
1947it [37:35,  1.37s/it]
1948it [37:38,  1.80s/it]
1949it [37:39,  1.65s/it]
1950it [37:40,  1.25s/it]
1951it [37:40,  1.01it/s]
1952it [37:41,  1.08it/s]
1953it [37:43,  1.43s/it]
1954it [37:46,  1.70s/it]
1955it [37:48,  1.98s/it]
1956it [37:49,  1.47s/it]
1957it [37:50,  1.53s/it]
1958it [37:52,  1.63s/it]
1959it [37:52,  1.24s/it]
1961it [37:53,  1.14it/s]
1962it [37:54,  1.43it/s]
1964it [37:55,  1.36it/s]
1965it [37:56,  1.34it/s]
1966it [37:57,  1.32it/s]
1967it [37:57,  1.57it/s]
1968it [37:57,  1.88it/s]
1969it [37:59,  1.06it/s]
1972it [38:01,  1.21it/s]
1973it [38:03,  1.09it/s]
1974it [38:06,  1.39s/it]
1976it [38:06,  1.13it/s]
1977it [38:06,  1.21it/s]
1978it [38:08,  1.02it/s]
1979it [38:11,  1.52s/it]
1980it [38:11,  1.17s/it]
1981it [38:12,  1.06s/it]
1982it [38:12,  1.22it/s]
1983it [38:12,  1.62it/s]
1985it [38:13,  1.87it/s]
1986it [38:16,  1.02s/it]
1987it [38:16,  1.23it/s]
1988it [38:16,  1.57it/s]
1990it [38:17,  2.25it/s]
1991it [38:17,  2.37it/s]
1993it [38:17,  2.85it/s]
1995it [38:18,  3.66it/s]
1996it [38:18,  3.72it/s]
1997it [38:18,  3.10it/s]
2000it [38:18,  1.15s/it]

  lr5em03_samp1008_crn_h161: SIG=2.255  BAK=2.663  OVRL=1.932  P808=2.681  n=2000

  Running summary:
  System                                             n    SIG    BAK   OVRL   P808
  ------------------------------------------------------------------------------------
  Noisy input                                     2000  2.239  2.533  1.876  2.624
  ONNX baseline                                   2000  2.274  2.766  1.937  2.614
  lr5em03_samp1008_crn_h161                       2000  2.255  2.663  1.932  2.681

========================================================================
Step 4: Evaluate lr5em03_samp1008_gru_h161
========================================================================
  Loading GRU h=161 from:
    /gpfs/helios/home/etais/hpc_bilal/nn_proj/runs/full_train/lr5em03_samp1008/gru_h161/best_model.pt
  Enhancing 2000 test samples ...
    enhanced 200/2000  |  15s
    enhanced 400/2000  |  31s
    enhanced 600/2000  |  50s
    enhanced 800/2000  |  69s
    enhanced 1000/2000  |  83s
    enhanced 1200/2000  |  96s
    enhanced 1400/2000  |  113s
    enhanced 1600/2000  |  140s
    enhanced 1800/2000  |  159s
    enhanced 2000/2000  |  179s
  Running DNSMOS on 2000 wav files ...
  DNSMOS stderr:
37:36,  1.31s/it]
1935it [37:37,  1.26s/it]
1936it [37:37,  1.11s/it]
1937it [37:38,  1.09s/it]
1938it [37:39,  1.17it/s]
1939it [37:39,  1.26it/s]
1940it [37:41,  1.08s/it]
1941it [37:41,  1.22it/s]
1942it [37:43,  1.09it/s]
1943it [37:43,  1.12it/s]
1945it [37:44,  1.93it/s]
1946it [37:44,  1.66it/s]
1947it [37:45,  1.92it/s]
1949it [37:46,  1.89it/s]
1950it [37:46,  1.95it/s]
1952it [37:49,  1.15it/s]
1953it [37:50,  1.06it/s]
1954it [37:51,  1.20it/s]
1955it [37:54,  1.42s/it]
1957it [37:57,  1.41s/it]
1958it [37:58,  1.39s/it]
1959it [37:59,  1.23s/it]
1960it [38:00,  1.27s/it]
1961it [38:02,  1.56s/it]
1962it [38:05,  1.87s/it]
1963it [38:11,  2.99s/it]
1964it [38:12,  2.31s/it]
1965it [38:12,  1.78s/it]
1966it [38:13,  1.58s/it]
1967it [38:14,  1.43s/it]
1968it [38:15,  1.14s/it]
1970it [38:15,  1.42it/s]
1971it [38:17,  1.10it/s]
1972it [38:18,  1.05it/s]
1973it [38:19,  1.03s/it]
1974it [38:19,  1.20it/s]
1975it [38:19,  1.58it/s]
1976it [38:20,  1.80it/s]
1977it [38:20,  2.00it/s]
1978it [38:21,  1.83it/s]
1979it [38:21,  2.30it/s]
1980it [38:21,  2.91it/s]
1981it [38:22,  2.08it/s]
1982it [38:22,  2.43it/s]
1983it [38:23,  2.23it/s]
1984it [38:23,  2.48it/s]
1985it [38:24,  1.64it/s]
1986it [38:25,  1.53it/s]
1987it [38:25,  1.75it/s]
1988it [38:26,  1.93it/s]
1990it [38:27,  1.72it/s]
1991it [38:28,  1.57it/s]
1992it [38:28,  1.82it/s]
1994it [38:28,  2.52it/s]
1995it [38:29,  1.92it/s]
1996it [38:30,  1.56it/s]
1998it [38:30,  2.51it/s]
2000it [38:30,  1.16s/it]

  lr5em03_samp1008_gru_h161: SIG=2.272  BAK=2.716  OVRL=1.959  P808=2.694  n=2000

  Running summary:
  System                                             n    SIG    BAK   OVRL   P808
  ------------------------------------------------------------------------------------
  Noisy input                                     2000  2.239  2.533  1.876  2.624
  ONNX baseline                                   2000  2.274  2.766  1.937  2.614
  lr5em03_samp1008_crn_h161                       2000  2.255  2.663  1.932  2.681
  lr5em03_samp1008_gru_h161                       2000  2.272  2.716  1.959  2.694

========================================================================
Step 5: Evaluate lr5em03_samp1504_crn_h161
========================================================================
  Loading CRN h=161 from:
    /gpfs/helios/home/etais/hpc_bilal/nn_proj/runs/full_train/lr5em03_samp1504/crn_h161/best_model.pt
  Enhancing 2000 test samples ...
    enhanced 200/2000  |  14s
    enhanced 400/2000  |  40s
    enhanced 600/2000  |  61s
    enhanced 800/2000  |  81s
    enhanced 1000/2000  |  96s
    enhanced 1200/2000  |  112s
    enhanced 1400/2000  |  131s
    enhanced 1600/2000  |  152s
    enhanced 1800/2000  |  180s
    enhanced 2000/2000  |  200s
  Running DNSMOS on 2000 wav files ...
  DNSMOS stderr:
37:31,  1.64s/it]
1933it [37:32,  1.40s/it]
1934it [37:33,  1.36s/it]
1935it [37:34,  1.13s/it]
1936it [37:34,  1.01it/s]
1937it [37:35,  1.11it/s]
1938it [37:35,  1.44it/s]
1939it [37:36,  1.46it/s]
1941it [37:36,  2.42it/s]
1942it [37:37,  2.02it/s]
1943it [37:39,  1.12it/s]
1944it [37:40,  1.10s/it]
1945it [37:42,  1.28s/it]
1946it [37:42,  1.03it/s]
1947it [37:43,  1.07it/s]
1948it [37:45,  1.06s/it]
1950it [37:45,  1.30it/s]
1951it [37:46,  1.43it/s]
1952it [37:48,  1.06it/s]
1953it [37:50,  1.27s/it]
1955it [37:51,  1.07it/s]
1956it [37:51,  1.35it/s]
1957it [37:53,  1.20s/it]
1958it [37:55,  1.41s/it]
1959it [37:56,  1.33s/it]
1960it [38:01,  2.18s/it]
1961it [38:06,  3.04s/it]
1963it [38:06,  1.72s/it]
1964it [38:08,  1.79s/it]
1965it [38:09,  1.48s/it]
1966it [38:10,  1.35s/it]
1968it [38:10,  1.13it/s]
1970it [38:11,  1.48it/s]
1971it [38:11,  1.72it/s]
1973it [38:13,  1.66it/s]
1974it [38:13,  1.54it/s]
1975it [38:14,  1.61it/s]
1976it [38:15,  1.51it/s]
1977it [38:18,  1.33s/it]
1978it [38:19,  1.16s/it]
1979it [38:19,  1.07s/it]
1982it [38:20,  1.74it/s]
1983it [38:20,  1.75it/s]
1984it [38:21,  1.64it/s]
1986it [38:21,  2.53it/s]
1987it [38:22,  2.20it/s]
1988it [38:23,  2.01it/s]
1989it [38:23,  1.80it/s]
1990it [38:24,  1.50it/s]
1991it [38:25,  1.60it/s]
1992it [38:26,  1.19it/s]
1993it [38:27,  1.37it/s]
1994it [38:27,  1.67it/s]
1996it [38:27,  2.81it/s]
1997it [38:27,  3.36it/s]
1998it [38:28,  2.87it/s]
2000it [38:28,  3.89it/s]
2000it [38:28,  1.15s/it]

  lr5em03_samp1504_crn_h161: SIG=2.232  BAK=2.570  OVRL=1.906  P808=2.681  n=2000

  Running summary:
  System                                             n    SIG    BAK   OVRL   P808
  ------------------------------------------------------------------------------------
  Noisy input                                     2000  2.239  2.533  1.876  2.624
  ONNX baseline                                   2000  2.274  2.766  1.937  2.614
  lr5em03_samp1008_crn_h161                       2000  2.255  2.663  1.932  2.681
  lr5em03_samp1008_gru_h161                       2000  2.272  2.716  1.959  2.694
  lr5em03_samp1504_crn_h161                       2000  2.232  2.570  1.906  2.681

========================================================================
Step 6: Evaluate lr5em03_samp1504_gru_h161
========================================================================
  Loading GRU h=161 from:
    /gpfs/helios/home/etais/hpc_bilal/nn_proj/runs/full_train/lr5em03_samp1504/gru_h161/best_model.pt
  Enhancing 2000 test samples ...
    enhanced 200/2000  |  14s
    enhanced 400/2000  |  38s
    enhanced 600/2000  |  56s
    enhanced 800/2000  |  74s
    enhanced 1000/2000  |  90s
    enhanced 1200/2000  |  107s
    enhanced 1400/2000  |  125s
    enhanced 1600/2000  |  143s
    enhanced 1800/2000  |  166s
    enhanced 2000/2000  |  184s
  Running DNSMOS on 2000 wav files ...
  DNSMOS stderr:
37:26,  1.38it/s]
1938it [37:27,  1.44it/s]
1939it [37:27,  1.62it/s]
1940it [37:31,  1.49s/it]
1941it [37:32,  1.29s/it]
1942it [37:33,  1.18s/it]
1943it [37:33,  1.03s/it]
1944it [37:34,  1.07s/it]
1945it [37:35,  1.03s/it]
1946it [37:36,  1.05it/s]
1947it [37:36,  1.33it/s]
1949it [37:40,  1.27s/it]
1950it [37:41,  1.22s/it]
1951it [37:44,  1.63s/it]
1952it [37:45,  1.35s/it]
1953it [37:46,  1.43s/it]
1954it [37:47,  1.09s/it]
1955it [37:47,  1.10it/s]
1956it [37:47,  1.30it/s]
1957it [37:49,  1.00it/s]
1958it [37:49,  1.18it/s]
1959it [37:52,  1.47s/it]
1960it [37:54,  1.49s/it]
1961it [37:56,  1.54s/it]
1962it [37:56,  1.20s/it]
1963it [37:56,  1.07it/s]
1964it [37:58,  1.10s/it]
1965it [37:59,  1.17s/it]
1966it [38:00,  1.05s/it]
1967it [38:01,  1.03s/it]
1968it [38:03,  1.35s/it]
1969it [38:03,  1.00it/s]
1970it [38:04,  1.12it/s]
1971it [38:05,  1.10s/it]
1972it [38:07,  1.11s/it]
1973it [38:08,  1.09s/it]
1974it [38:09,  1.21s/it]
1975it [38:09,  1.08it/s]
1976it [38:10,  1.28it/s]
1977it [38:11,  1.13it/s]
1979it [38:13,  1.17it/s]
1980it [38:14,  1.12it/s]
1981it [38:14,  1.11it/s]
1982it [38:15,  1.36it/s]
1983it [38:16,  1.24it/s]
1984it [38:16,  1.28it/s]
1985it [38:17,  1.18it/s]
1986it [38:18,  1.57it/s]
1987it [38:18,  1.97it/s]
1989it [38:18,  3.31it/s]
1990it [38:18,  2.90it/s]
1991it [38:19,  3.01it/s]
1992it [38:20,  1.68it/s]
1995it [38:20,  3.05it/s]
1996it [38:21,  2.76it/s]
1998it [38:21,  3.79it/s]
1999it [38:21,  4.07it/s]
2000it [38:21,  1.15s/it]

  lr5em03_samp1504_gru_h161: SIG=2.273  BAK=2.705  OVRL=1.951  P808=2.689  n=2000

  Running summary:
  System                                             n    SIG    BAK   OVRL   P808
  ------------------------------------------------------------------------------------
  Noisy input                                     2000  2.239  2.533  1.876  2.624
  ONNX baseline                                   2000  2.274  2.766  1.937  2.614
  lr5em03_samp1008_crn_h161                       2000  2.255  2.663  1.932  2.681
  lr5em03_samp1008_gru_h161                       2000  2.272  2.716  1.959  2.694
  lr5em03_samp1504_crn_h161                       2000  2.232  2.570  1.906  2.681
  lr5em03_samp1504_gru_h161                       2000  2.273  2.705  1.951  2.689

========================================================================
Step 7: Evaluate lr5em03_samp2000_crn_h161
========================================================================
  Loading CRN h=161 from:
    /gpfs/helios/home/etais/hpc_bilal/nn_proj/runs/full_train/lr5em03_samp2000/crn_h161/best_model.pt
  Enhancing 2000 test samples ...
    enhanced 200/2000  |  14s
    enhanced 400/2000  |  32s
    enhanced 600/2000  |  48s
    enhanced 800/2000  |  65s
    enhanced 1000/2000  |  86s
    enhanced 1200/2000  |  103s
    enhanced 1400/2000  |  120s
    enhanced 1600/2000  |  136s
    enhanced 1800/2000  |  153s
    enhanced 2000/2000  |  170s
  Running DNSMOS on 2000 wav files ...
  DNSMOS stderr:
37:21,  1.13s/it]
1932it [37:22,  1.10s/it]
1933it [37:23,  1.02s/it]
1934it [37:23,  1.33it/s]
1936it [37:23,  2.00it/s]
1937it [37:24,  1.85it/s]
1938it [37:24,  2.03it/s]
1940it [37:25,  1.82it/s]
1941it [37:27,  1.17it/s]
1942it [37:28,  1.33it/s]
1943it [37:29,  1.10it/s]
1944it [37:29,  1.31it/s]
1945it [37:34,  1.76s/it]
1946it [37:36,  1.83s/it]
1947it [37:37,  1.77s/it]
1948it [37:38,  1.44s/it]
1949it [37:44,  2.71s/it]
1950it [37:45,  2.34s/it]
1951it [37:46,  1.75s/it]
1953it [37:47,  1.30s/it]
1955it [37:48,  1.16it/s]
1956it [37:48,  1.19it/s]
1957it [37:49,  1.14it/s]
1958it [37:53,  1.52s/it]
1959it [37:54,  1.33s/it]
1960it [37:55,  1.24s/it]
1961it [37:56,  1.17s/it]
1962it [37:58,  1.57s/it]
1964it [37:59,  1.00s/it]
1965it [37:59,  1.19it/s]
1966it [37:59,  1.42it/s]
1967it [37:59,  1.84it/s]
1968it [38:00,  2.09it/s]
1969it [38:00,  2.38it/s]
1971it [38:02,  1.65it/s]
1973it [38:03,  1.76it/s]
1974it [38:04,  1.44it/s]
1975it [38:05,  1.46it/s]
1976it [38:05,  1.84it/s]
1977it [38:05,  1.82it/s]
1978it [38:10,  1.69s/it]
1979it [38:10,  1.33s/it]
1980it [38:11,  1.11s/it]
1981it [38:15,  1.84s/it]
1982it [38:15,  1.33s/it]
1983it [38:15,  1.06s/it]
1984it [38:15,  1.25it/s]
1985it [38:16,  1.10it/s]
1986it [38:17,  1.25it/s]
1987it [38:18,  1.25it/s]
1989it [38:18,  1.90it/s]
1990it [38:19,  2.05it/s]
1991it [38:20,  1.60it/s]
1993it [38:20,  2.39it/s]
1994it [38:20,  2.88it/s]
1996it [38:20,  4.22it/s]
2000it [38:20,  6.90it/s]
2000it [38:20,  1.15s/it]

  lr5em03_samp2000_crn_h161: SIG=2.304  BAK=2.716  OVRL=1.974  P808=2.697  n=2000

  Running summary:
  System                                             n    SIG    BAK   OVRL   P808
  ------------------------------------------------------------------------------------
  Noisy input                                     2000  2.239  2.533  1.876  2.624
  ONNX baseline                                   2000  2.274  2.766  1.937  2.614
  lr5em03_samp1008_crn_h161                       2000  2.255  2.663  1.932  2.681
  lr5em03_samp1008_gru_h161                       2000  2.272  2.716  1.959  2.694
  lr5em03_samp1504_crn_h161                       2000  2.232  2.570  1.906  2.681
  lr5em03_samp1504_gru_h161                       2000  2.273  2.705  1.951  2.689
  lr5em03_samp2000_crn_h161                       2000  2.304  2.716  1.974  2.697

========================================================================
Step 8: Evaluate lr5em03_samp2000_gru_h161
========================================================================
  Loading GRU h=161 from:
    /gpfs/helios/home/etais/hpc_bilal/nn_proj/runs/full_train/lr5em03_samp2000/gru_h161/best_model.pt
  Enhancing 2000 test samples ...
    enhanced 200/2000  |  15s
    enhanced 400/2000  |  31s
    enhanced 600/2000  |  48s
    enhanced 800/2000  |  66s
    enhanced 1000/2000  |  89s
    enhanced 1200/2000  |  106s
    enhanced 1400/2000  |  123s
    enhanced 1600/2000  |  140s
    enhanced 1800/2000  |  158s
    enhanced 2000/2000  |  176s
  Running DNSMOS on 2000 wav files ...
  DNSMOS stderr:
37:36,  1.57s/it]
1932it [37:36,  1.15s/it]
1933it [37:37,  1.05s/it]
1934it [37:38,  1.18s/it]
1937it [37:39,  1.63it/s]
1938it [37:39,  1.68it/s]
1939it [37:40,  1.46it/s]
1940it [37:41,  1.33it/s]
1941it [37:43,  1.10it/s]
1942it [37:46,  1.49s/it]
1943it [37:46,  1.17s/it]
1944it [37:47,  1.18s/it]
1945it [37:47,  1.09it/s]
1946it [37:49,  1.04s/it]
1948it [37:49,  1.59it/s]
1949it [37:49,  1.85it/s]
1950it [37:52,  1.23s/it]
1951it [37:56,  1.86s/it]
1952it [37:57,  1.59s/it]
1953it [38:02,  2.61s/it]
1954it [38:03,  2.10s/it]
1955it [38:04,  1.72s/it]
1956it [38:05,  1.58s/it]
1957it [38:05,  1.17s/it]
1958it [38:06,  1.07s/it]
1959it [38:06,  1.12it/s]
1960it [38:07,  1.22it/s]
1961it [38:08,  1.06it/s]
1962it [38:10,  1.20s/it]
1963it [38:12,  1.48s/it]
1964it [38:13,  1.16s/it]
1966it [38:14,  1.21it/s]
1967it [38:14,  1.21it/s]
1968it [38:15,  1.35it/s]
1970it [38:15,  2.03it/s]
1971it [38:18,  1.05s/it]
1972it [38:19,  1.00s/it]
1973it [38:22,  1.64s/it]
1974it [38:23,  1.31s/it]
1975it [38:23,  1.10s/it]
1976it [38:24,  1.13it/s]
1977it [38:24,  1.45it/s]
1978it [38:25,  1.23it/s]
1979it [38:25,  1.56it/s]
1983it [38:30,  1.09it/s]
1984it [38:30,  1.14it/s]
1985it [38:31,  1.07it/s]
1986it [38:32,  1.11it/s]
1988it [38:32,  1.77it/s]
1989it [38:33,  1.83it/s]
1990it [38:33,  1.95it/s]
1991it [38:33,  2.44it/s]
1992it [38:34,  2.54it/s]
1993it [38:34,  3.19it/s]
1994it [38:34,  3.09it/s]
1997it [38:35,  3.61it/s]
1998it [38:35,  4.13it/s]
2000it [38:35,  1.16s/it]

  lr5em03_samp2000_gru_h161: SIG=2.241  BAK=2.644  OVRL=1.928  P808=2.693  n=2000

  Running summary:
  System                                             n    SIG    BAK   OVRL   P808
  ------------------------------------------------------------------------------------
  Noisy input                                     2000  2.239  2.533  1.876  2.624
  ONNX baseline                                   2000  2.274  2.766  1.937  2.614
  lr5em03_samp1008_crn_h161                       2000  2.255  2.663  1.932  2.681
  lr5em03_samp1008_gru_h161                       2000  2.272  2.716  1.959  2.694
  lr5em03_samp1504_crn_h161                       2000  2.232  2.570  1.906  2.681
  lr5em03_samp1504_gru_h161                       2000  2.273  2.705  1.951  2.689
  lr5em03_samp2000_crn_h161                       2000  2.304  2.716  1.974  2.697
  lr5em03_samp2000_gru_h161                       2000  2.241  2.644  1.928  2.693

========================================================================
Step 9: Evaluate lr5em03_samp512_crn_h161
========================================================================
  Loading CRN h=161 from:
    /gpfs/helios/home/etais/hpc_bilal/nn_proj/runs/full_train/lr5em03_samp512/crn_h161/best_model.pt
  Enhancing 2000 test samples ...
    enhanced 200/2000  |  15s
    enhanced 400/2000  |  31s
    enhanced 600/2000  |  49s
    enhanced 800/2000  |  71s
    enhanced 1000/2000  |  88s
    enhanced 1200/2000  |  105s
    enhanced 1400/2000  |  122s
    enhanced 1600/2000  |  140s
    enhanced 1800/2000  |  158s
    enhanced 2000/2000  |  176s
  Running DNSMOS on 2000 wav files ...
  DNSMOS stderr:
37:14,  1.08it/s]
1932it [37:16,  1.21s/it]
1934it [37:17,  1.15it/s]
1935it [37:17,  1.39it/s]
1936it [37:18,  1.61it/s]
1937it [37:19,  1.21it/s]
1938it [37:24,  1.88s/it]
1939it [37:25,  1.69s/it]
1941it [37:26,  1.08s/it]
1942it [37:26,  1.03s/it]
1943it [37:30,  1.72s/it]
1944it [37:30,  1.35s/it]
1945it [37:31,  1.13s/it]
1946it [37:34,  1.62s/it]
1947it [37:35,  1.58s/it]
1948it [37:36,  1.27s/it]
1950it [37:36,  1.21it/s]
1951it [37:37,  1.24it/s]
1952it [37:37,  1.57it/s]
1953it [37:38,  1.98it/s]
1954it [37:39,  1.23it/s]
1955it [37:43,  1.67s/it]
1957it [37:44,  1.20s/it]
1958it [37:45,  1.14s/it]
1959it [37:46,  1.14s/it]
1960it [37:47,  1.11it/s]
1961it [37:47,  1.29it/s]
1962it [37:48,  1.31it/s]
1963it [37:51,  1.47s/it]
1964it [37:54,  1.88s/it]
1965it [37:54,  1.38s/it]
1966it [37:58,  2.06s/it]
1967it [37:58,  1.61s/it]
1969it [38:00,  1.18s/it]
1970it [38:00,  1.02it/s]
1972it [38:01,  1.22it/s]
1973it [38:01,  1.40it/s]
1974it [38:04,  1.11s/it]
1975it [38:04,  1.05it/s]
1976it [38:06,  1.04s/it]
1977it [38:07,  1.19s/it]
1978it [38:08,  1.06s/it]
1979it [38:09,  1.02it/s]
1980it [38:09,  1.09it/s]
1983it [38:10,  1.94it/s]
1984it [38:10,  2.09it/s]
1985it [38:11,  2.38it/s]
1986it [38:12,  1.39it/s]
1988it [38:13,  1.84it/s]
1989it [38:13,  1.84it/s]
1990it [38:14,  1.90it/s]
1992it [38:14,  2.93it/s]
1994it [38:15,  2.75it/s]
1995it [38:15,  2.78it/s]
1996it [38:16,  2.52it/s]
1997it [38:16,  2.68it/s]
1999it [38:16,  3.88it/s]
2000it [38:16,  1.15s/it]

  lr5em03_samp512_crn_h161: SIG=2.218  BAK=2.590  OVRL=1.899  P808=2.684  n=2000

  Running summary:
  System                                             n    SIG    BAK   OVRL   P808
  ------------------------------------------------------------------------------------
  Noisy input                                     2000  2.239  2.533  1.876  2.624
  ONNX baseline                                   2000  2.274  2.766  1.937  2.614
  lr5em03_samp1008_crn_h161                       2000  2.255  2.663  1.932  2.681
  lr5em03_samp1008_gru_h161                       2000  2.272  2.716  1.959  2.694
  lr5em03_samp1504_crn_h161                       2000  2.232  2.570  1.906  2.681
  lr5em03_samp1504_gru_h161                       2000  2.273  2.705  1.951  2.689
  lr5em03_samp2000_crn_h161                       2000  2.304  2.716  1.974  2.697
  lr5em03_samp2000_gru_h161                       2000  2.241  2.644  1.928  2.693
  lr5em03_samp512_crn_h161                        2000  2.218  2.590  1.899  2.684

========================================================================
Step 10: Evaluate lr5em03_samp512_gru_h161
========================================================================
  Loading GRU h=161 from:
    /gpfs/helios/home/etais/hpc_bilal/nn_proj/runs/full_train/lr5em03_samp512/gru_h161/best_model.pt
  Enhancing 2000 test samples ...
    enhanced 200/2000  |  18s
    enhanced 400/2000  |  34s
    enhanced 600/2000  |  50s
    enhanced 800/2000  |  66s
    enhanced 1000/2000  |  82s
    enhanced 1200/2000  |  98s
    enhanced 1400/2000  |  114s
    enhanced 1600/2000  |  130s
    enhanced 1800/2000  |  151s
    enhanced 2000/2000  |  167s
  Running DNSMOS on 2000 wav files ...
  DNSMOS stderr:
37:29,  1.46s/it]
1936it [37:30,  1.26s/it]
1937it [37:31,  1.00s/it]
1938it [37:32,  1.17s/it]
1939it [37:34,  1.29s/it]
1940it [37:35,  1.31s/it]
1941it [37:39,  1.97s/it]
1942it [37:39,  1.53s/it]
1943it [37:40,  1.20s/it]
1945it [37:40,  1.19it/s]
1946it [37:42,  1.04it/s]
1947it [37:42,  1.22it/s]
1948it [37:45,  1.43s/it]
1949it [37:46,  1.13s/it]
1950it [37:46,  1.05s/it]
1951it [37:47,  1.02it/s]
1952it [37:47,  1.32it/s]
1953it [37:48,  1.46it/s]
1955it [37:50,  1.12it/s]
1956it [37:52,  1.23s/it]
1957it [37:54,  1.31s/it]
1958it [37:55,  1.10s/it]
1959it [37:57,  1.36s/it]
1960it [37:58,  1.33s/it]
1962it [37:59,  1.06it/s]
1963it [38:03,  1.82s/it]
1964it [38:04,  1.45s/it]
1965it [38:06,  1.64s/it]
1966it [38:06,  1.23s/it]
1967it [38:06,  1.01it/s]
1968it [38:10,  1.71s/it]
1969it [38:11,  1.61s/it]
1970it [38:11,  1.18s/it]
1971it [38:12,  1.03s/it]
1972it [38:14,  1.25s/it]
1973it [38:14,  1.07it/s]
1974it [38:14,  1.34it/s]
1976it [38:15,  2.19it/s]
1978it [38:16,  1.71it/s]
1979it [38:16,  2.02it/s]
1980it [38:19,  1.03s/it]
1981it [38:19,  1.16it/s]
1983it [38:21,  1.35it/s]
1986it [38:23,  1.31it/s]
1987it [38:23,  1.42it/s]
1988it [38:24,  1.62it/s]
1989it [38:24,  1.94it/s]
1990it [38:24,  2.26it/s]
1991it [38:24,  2.82it/s]
1992it [38:25,  2.50it/s]
1993it [38:26,  1.87it/s]
1994it [38:26,  2.18it/s]
1995it [38:26,  2.61it/s]
1997it [38:26,  4.21it/s]
1998it [38:26,  3.90it/s]
1999it [38:27,  3.97it/s]
2000it [38:27,  4.11it/s]
2000it [38:27,  1.15s/it]

  lr5em03_samp512_gru_h161: SIG=2.276  BAK=2.693  OVRL=1.954  P808=2.690  n=2000

  Running summary:
  System                                             n    SIG    BAK   OVRL   P808
  ------------------------------------------------------------------------------------
  Noisy input                                     2000  2.239  2.533  1.876  2.624
  ONNX baseline                                   2000  2.274  2.766  1.937  2.614
  lr5em03_samp1008_crn_h161                       2000  2.255  2.663  1.932  2.681
  lr5em03_samp1008_gru_h161                       2000  2.272  2.716  1.959  2.694
  lr5em03_samp1504_crn_h161                       2000  2.232  2.570  1.906  2.681
  lr5em03_samp1504_gru_h161                       2000  2.273  2.705  1.951  2.689
  lr5em03_samp2000_crn_h161                       2000  2.304  2.716  1.974  2.697
  lr5em03_samp2000_gru_h161                       2000  2.241  2.644  1.928  2.693
  lr5em03_samp512_crn_h161                        2000  2.218  2.590  1.899  2.684
  lr5em03_samp512_gru_h161                        2000  2.276  2.693  1.954  2.690

========================================================================
FINAL SUMMARY
========================================================================

  Running summary:
  System                                             n    SIG    BAK   OVRL   P808
  ------------------------------------------------------------------------------------
  Noisy input                                     2000  2.239  2.533  1.876  2.624
  ONNX baseline                                   2000  2.274  2.766  1.937  2.614
  lr5em03_samp1008_crn_h161                       2000  2.255  2.663  1.932  2.681
  lr5em03_samp1008_gru_h161                       2000  2.272  2.716  1.959  2.694
  lr5em03_samp1504_crn_h161                       2000  2.232  2.570  1.906  2.681
  lr5em03_samp1504_gru_h161                       2000  2.273  2.705  1.951  2.689
  lr5em03_samp2000_crn_h161                       2000  2.304  2.716  1.974  2.697
  lr5em03_samp2000_gru_h161                       2000  2.241  2.644  1.928  2.693
  lr5em03_samp512_crn_h161                        2000  2.218  2.590  1.899  2.684
  lr5em03_samp512_gru_h161                        2000  2.276  2.693  1.954  2.690

Summary saved to  : /gpfs/helios/home/etais/hpc_bilal/nn_proj/results/summary.csv
Elapsed time      : 26123s (7.26 h)
========================================================================
========================================================================
Job finished : Wed Jun  3 03:53:46 EEST 2026
Exit status  : 0
========================================================================
