========================================================================
DNS Block 3 — Hyperparameter Search
========================================================================
Job ID       : 66130530
Node         : falcon2
Started      : Fri May 29 05:24:29 EEST 2026
========================================================================

Python       : /gpfs/helios/home/etais/hpc_bilal/nn_proj/venv_gpu/bin/python
Python ver   : Python 3.9.12

LEARNING_RATE  : 0.01
HIDDEN_SIZE_A  : 322
HIDDEN_SIZE_B  : 322
TRAIN_SAMPLES  : 500
NUM_EPOCHS     : 20
RUN_TYPE       : search

/gpfs/helios/home/etais/hpc_bilal/nn_proj/venv_gpu/lib/python3.9/site-packages/torch/cuda/__init__.py:63: FutureWarning: The pynvml package is deprecated. Please install nvidia-ml-py instead. If you did not install pynvml directly, please report this to the maintainers of the package that installed pynvml for you.
  import pynvml  # type: ignore[import]
======================================================================
DNS Project — Block 3: Model Training
======================================================================
RUN_TYPE       : search
LEARNING_RATE  : 0.01
HIDDEN_SIZE_A  : 322  (GRU)
HIDDEN_SIZE_B  : 322  (CRN bottleneck)
TRAIN_SAMPLES  : 500 per epoch (online synthesis)
NUM_EPOCHS     : 20
BATCH_SIZE     : 16
GRAD_CLIP      : 1.0
LR scheduler   : StepLR step=5 gamma=0.95
Device         : cuda
GPU count      : 4
  GPU 0        : Tesla V100-PCIE-32GB
  GPU 1        : Tesla V100-PCIE-32GB
  GPU 2        : Tesla V100-PCIE-32GB
  GPU 3        : Tesla V100-PCIE-32GB
Model A dir    : /gpfs/helios/home/etais/hpc_bilal/nn_proj/runs/search/lr1em02_samp500/gru_h322
Model B dir    : /gpfs/helios/home/etais/hpc_bilal/nn_proj/runs/search/lr1em02_samp500/crn_h322

Loading fixed val and test sets from disk...
[Block 1] EvalDataset: 2000 samples from /gpfs/helios/home/etais/hpc_bilal/nn_proj/eval_dataset/val/pt_files
[Block 1] EvalDataset: 2000 samples from /gpfs/helios/home/etais/hpc_bilal/nn_proj/eval_dataset/test/pt_files
Pre-loading val batches into memory...
Val batches loaded: 125
Pre-loading test batches into memory...
Test batches loaded: 125

======================================================================
MODEL A — GRU
======================================================================

======================================================================
Training: GRU h=322
======================================================================
Parameters: 1,196,391

Using 4 GPUs with DataParallel
[codecarbon WARNING @ 05:25:21] Multiple instances of codecarbon are allowed to run at the same time.

Epoch 1/20  lr=1.00e-02
------------------------------------------------------------
  [epoch 1/20]  batch 10/31  loss=0.136557
  [epoch 1/20]  batch 20/31  loss=0.140689
  [epoch 1/20]  batch 30/31  loss=0.094806
------------------------------------------------------------
Epoch   1/20  train=0.140400  val=0.101764  gap=-0.038635  time=498s  energy=0.00Wh  CO2=0.00g
  ✓ Best model saved (val_loss=0.101764)

Epoch 2/20  lr=1.00e-02
------------------------------------------------------------
  [epoch 2/20]  batch 10/31  loss=0.095340
  [epoch 2/20]  batch 20/31  loss=0.097233
  [epoch 2/20]  batch 30/31  loss=0.100618
------------------------------------------------------------
Epoch   2/20  train=0.100195  val=0.094775  gap=-0.005420  time=477s  energy=0.00Wh  CO2=0.00g
  ✓ Best model saved (val_loss=0.094775)

Epoch 3/20  lr=1.00e-02
------------------------------------------------------------
  [epoch 3/20]  batch 10/31  loss=0.112646
  [epoch 3/20]  batch 20/31  loss=0.095995
Signal is not finite or has very high values after bandpass filtering, returning original data.
Probably the order parameter is too high.
Max value in bandpass augmented data (the augmentation is ignored), (xmax, ymax): 1.0519236984100464 1.3174859101639051
lowcut, highcut, fs, order: 68.78426592986997 3418.771523768204 16000 7
  [epoch 3/20]  batch 30/31  loss=0.114646
------------------------------------------------------------
Epoch   3/20  train=0.098379  val=0.089968  gap=-0.008411  time=478s  energy=0.00Wh  CO2=0.00g
  ✓ Best model saved (val_loss=0.089968)

Epoch 4/20  lr=1.00e-02
------------------------------------------------------------
  [epoch 4/20]  batch 10/31  loss=0.066136
  [epoch 4/20]  batch 20/31  loss=0.089938
  [epoch 4/20]  batch 30/31  loss=0.079891
------------------------------------------------------------
Epoch   4/20  train=0.090649  val=0.095779  gap=+0.005130  time=481s  energy=0.00Wh  CO2=0.00g
  No improvement. Best val=0.089968

Epoch 5/20  lr=1.00e-02
------------------------------------------------------------
  [epoch 5/20]  batch 10/31  loss=0.128331
  [epoch 5/20]  batch 20/31  loss=0.081724
  [epoch 5/20]  batch 30/31  loss=0.111948
------------------------------------------------------------
Epoch   5/20  train=0.092491  val=0.084755  gap=-0.007736  time=472s  energy=0.00Wh  CO2=0.00g
  ✓ Best model saved (val_loss=0.084755)
  Checkpoint saved: /gpfs/helios/home/etais/hpc_bilal/nn_proj/runs/search/lr1em02_samp500/gru_h322/checkpoints/checkpoint_epoch5.pt

Epoch 6/20  lr=9.50e-03
------------------------------------------------------------
  [epoch 6/20]  batch 10/31  loss=0.119517
  [epoch 6/20]  batch 20/31  loss=0.090598
  [epoch 6/20]  batch 30/31  loss=0.070309
------------------------------------------------------------
Epoch   6/20  train=0.091588  val=0.088983  gap=-0.002605  time=473s  energy=0.00Wh  CO2=0.00g
  No improvement. Best val=0.084755

Epoch 7/20  lr=9.50e-03
------------------------------------------------------------
  [epoch 7/20]  batch 10/31  loss=0.099301
  [epoch 7/20]  batch 20/31  loss=0.075440
  [epoch 7/20]  batch 30/31  loss=0.099839
------------------------------------------------------------
Epoch   7/20  train=0.089315  val=0.088283  gap=-0.001032  time=468s  energy=0.00Wh  CO2=0.00g
  No improvement. Best val=0.084755

Epoch 8/20  lr=9.50e-03
------------------------------------------------------------
  [epoch 8/20]  batch 10/31  loss=0.094094
  [epoch 8/20]  batch 20/31  loss=0.089662
  [epoch 8/20]  batch 30/31  loss=0.093120
------------------------------------------------------------
Epoch   8/20  train=0.094859  val=0.086532  gap=-0.008327  time=470s  energy=0.00Wh  CO2=0.00g
  No improvement. Best val=0.084755

Epoch 9/20  lr=9.50e-03
------------------------------------------------------------
  [epoch 9/20]  batch 10/31  loss=0.082465
  [epoch 9/20]  batch 20/31  loss=0.097458
  [epoch 9/20]  batch 30/31  loss=0.089098
------------------------------------------------------------
Epoch   9/20  train=0.087358  val=0.086521  gap=-0.000837  time=466s  energy=0.00Wh  CO2=0.00g
  No improvement. Best val=0.084755

Epoch 10/20  lr=9.50e-03
------------------------------------------------------------
  [epoch 10/20]  batch 10/31  loss=0.101657
  [epoch 10/20]  batch 20/31  loss=0.108579
  [epoch 10/20]  batch 30/31  loss=0.097793
------------------------------------------------------------
Epoch  10/20  train=0.101714  val=0.090296  gap=-0.011418  time=455s  energy=0.00Wh  CO2=0.00g
  No improvement. Best val=0.084755
  Checkpoint saved: /gpfs/helios/home/etais/hpc_bilal/nn_proj/runs/search/lr1em02_samp500/gru_h322/checkpoints/checkpoint_epoch10.pt

Epoch 11/20  lr=9.03e-03
------------------------------------------------------------
  [epoch 11/20]  batch 10/31  loss=0.128880
  [epoch 11/20]  batch 20/31  loss=0.084409
  [epoch 11/20]  batch 30/31  loss=0.108245
------------------------------------------------------------
Epoch  11/20  train=0.091411  val=0.082289  gap=-0.009122  time=458s  energy=0.00Wh  CO2=0.00g
  ✓ Best model saved (val_loss=0.082289)

Epoch 12/20  lr=9.03e-03
------------------------------------------------------------
  [epoch 12/20]  batch 10/31  loss=0.107246
  [epoch 12/20]  batch 20/31  loss=0.084422
  [epoch 12/20]  batch 30/31  loss=0.106134
------------------------------------------------------------
Epoch  12/20  train=0.090172  val=0.083765  gap=-0.006407  time=455s  energy=0.00Wh  CO2=0.00g
  No improvement. Best val=0.082289

Epoch 13/20  lr=9.03e-03
------------------------------------------------------------
  [epoch 13/20]  batch 10/31  loss=0.104555
  [epoch 13/20]  batch 20/31  loss=0.090363
  [epoch 13/20]  batch 30/31  loss=0.096545
------------------------------------------------------------
Epoch  13/20  train=0.088790  val=0.085106  gap=-0.003684  time=464s  energy=0.00Wh  CO2=0.00g
  No improvement. Best val=0.082289

Epoch 14/20  lr=9.03e-03
------------------------------------------------------------
  [epoch 14/20]  batch 10/31  loss=0.097849
  [epoch 14/20]  batch 20/31  loss=0.087667
  [epoch 14/20]  batch 30/31  loss=0.088060
------------------------------------------------------------
Epoch  14/20  train=0.088994  val=0.094086  gap=+0.005092  time=455s  energy=0.00Wh  CO2=0.00g
  No improvement. Best val=0.082289

Epoch 15/20  lr=9.03e-03
------------------------------------------------------------
  [epoch 15/20]  batch 10/31  loss=0.096552
  [epoch 15/20]  batch 20/31  loss=0.094515
  [epoch 15/20]  batch 30/31  loss=0.102363
------------------------------------------------------------
Epoch  15/20  train=0.090105  val=0.101058  gap=+0.010953  time=457s  energy=0.00Wh  CO2=0.00g
  No improvement. Best val=0.082289
  Checkpoint saved: /gpfs/helios/home/etais/hpc_bilal/nn_proj/runs/search/lr1em02_samp500/gru_h322/checkpoints/checkpoint_epoch15.pt

Epoch 16/20  lr=8.57e-03
------------------------------------------------------------
  [epoch 16/20]  batch 10/31  loss=0.091504
  [epoch 16/20]  batch 20/31  loss=0.079249
  [epoch 16/20]  batch 30/31  loss=0.114818
------------------------------------------------------------
Epoch  16/20  train=0.088088  val=0.083090  gap=-0.004998  time=456s  energy=0.00Wh  CO2=0.00g
  No improvement. Best val=0.082289

Epoch 17/20  lr=8.57e-03
------------------------------------------------------------
  [epoch 17/20]  batch 10/31  loss=0.094261
  [epoch 17/20]  batch 20/31  loss=0.089714
  [epoch 17/20]  batch 30/31  loss=0.096515
------------------------------------------------------------
Epoch  17/20  train=0.086818  val=0.082520  gap=-0.004298  time=454s  energy=0.00Wh  CO2=0.00g
  No improvement. Best val=0.082289

Epoch 18/20  lr=8.57e-03
------------------------------------------------------------
  [epoch 18/20]  batch 10/31  loss=0.106624
  [epoch 18/20]  batch 20/31  loss=0.102490
  [epoch 18/20]  batch 30/31  loss=0.082002
------------------------------------------------------------
Epoch  18/20  train=0.088949  val=0.083826  gap=-0.005123  time=456s  energy=0.00Wh  CO2=0.00g
  No improvement. Best val=0.082289

Epoch 19/20  lr=8.57e-03
------------------------------------------------------------
  [epoch 19/20]  batch 10/31  loss=0.085755
  [epoch 19/20]  batch 20/31  loss=0.080479
Signal is not finite or has very high values after bandpass filtering, returning original data.
Probably the order parameter is too high.
Max value in bandpass augmented data (the augmentation is ignored), (xmax, ymax): 0.7365014519975355 1.0308258314725158
lowcut, highcut, fs, order: 98.71046517304892 3738.1203426438396 16000 7
  [epoch 19/20]  batch 30/31  loss=0.074004
------------------------------------------------------------
Epoch  19/20  train=0.086216  val=0.083418  gap=-0.002798  time=457s  energy=0.00Wh  CO2=0.00g
  No improvement. Best val=0.082289

Epoch 20/20  lr=8.57e-03
------------------------------------------------------------
  [epoch 20/20]  batch 10/31  loss=0.071771
  [epoch 20/20]  batch 20/31  loss=0.095398
  [epoch 20/20]  batch 30/31  loss=0.063886
------------------------------------------------------------
Epoch  20/20  train=0.085325  val=0.083146  gap=-0.002179  time=459s  energy=0.00Wh  CO2=0.00g
  No improvement. Best val=0.082289
  Checkpoint saved: /gpfs/helios/home/etais/hpc_bilal/nn_proj/runs/search/lr1em02_samp500/gru_h322/checkpoints/checkpoint_epoch20.pt

======================================================================
Training complete: GRU h=322
======================================================================
Total time     : 9311s  (2.59h)
Best val loss  : 0.082289
Total energy   : 679.2912 Wh
GPU energy     : 577.0559 Wh
CPU energy     : 52.3712 Wh
RAM energy     : 49.8640 Wh
Total CO2      : 283.0382 gCO2eq
Avg GPU power  : 223.5 W
Avg CPU power  : 21.0 W
  Loss curves saved: /gpfs/helios/home/etais/hpc_bilal/nn_proj/runs/search/lr1em02_samp500/gru_h322/loss_curves.png

Final test evaluation using best model...
Best model epoch : 11
Train loss       : 0.091411
Val loss         : 0.082289
Test loss        : 0.080818

======================================================================
MODEL B — CRN
======================================================================

======================================================================
Training: CRN h=322
======================================================================
Parameters: 13,702,871

Using 4 GPUs with DataParallel

Epoch 1/20  lr=1.00e-02
------------------------------------------------------------
  [epoch 1/20]  batch 10/31  loss=0.203239
  [epoch 1/20]  batch 20/31  loss=0.179116
  [epoch 1/20]  batch 30/31  loss=0.179964
------------------------------------------------------------
Epoch   1/20  train=0.225951  val=0.187231  gap=-0.038719  time=468s  energy=0.00Wh  CO2=0.00g
  ✓ Best model saved (val_loss=0.187231)

Epoch 2/20  lr=1.00e-02
------------------------------------------------------------
Signal is not finite or has very high values after bandpass filtering, returning original data.
Probably the order parameter is too high.
Max value in bandpass augmented data (the augmentation is ignored), (xmax, ymax): 0.7823190924621339 1.2062569935087497
lowcut, highcut, fs, order: 49.62557686217629 3277.7193212213756 16000 7
  [epoch 2/20]  batch 10/31  loss=0.198890
  [epoch 2/20]  batch 20/31  loss=0.209326
  [epoch 2/20]  batch 30/31  loss=0.222928
------------------------------------------------------------
Epoch   2/20  train=0.212734  val=0.174414  gap=-0.038320  time=467s  energy=0.00Wh  CO2=0.00g
  ✓ Best model saved (val_loss=0.174414)

Epoch 3/20  lr=1.00e-02
------------------------------------------------------------
  [epoch 3/20]  batch 10/31  loss=0.192497
  [epoch 3/20]  batch 20/31  loss=0.221691
  [epoch 3/20]  batch 30/31  loss=0.166350
------------------------------------------------------------
Epoch   3/20  train=0.204248  val=0.170990  gap=-0.033258  time=468s  energy=0.00Wh  CO2=0.00g
  ✓ Best model saved (val_loss=0.170990)

Epoch 4/20  lr=1.00e-02
------------------------------------------------------------
  [epoch 4/20]  batch 10/31  loss=0.214135
  [epoch 4/20]  batch 20/31  loss=0.174557
  [epoch 4/20]  batch 30/31  loss=0.175536
------------------------------------------------------------
Epoch   4/20  train=0.199761  val=0.161972  gap=-0.037789  time=467s  energy=0.00Wh  CO2=0.00g
  ✓ Best model saved (val_loss=0.161972)

Epoch 5/20  lr=1.00e-02
------------------------------------------------------------
  [epoch 5/20]  batch 10/31  loss=0.228532
  [epoch 5/20]  batch 20/31  loss=0.168672
  [epoch 5/20]  batch 30/31  loss=0.200951
------------------------------------------------------------
Epoch   5/20  train=0.195767  val=0.173254  gap=-0.022513  time=465s  energy=0.00Wh  CO2=0.00g
  No improvement. Best val=0.161972
  Checkpoint saved: /gpfs/helios/home/etais/hpc_bilal/nn_proj/runs/search/lr1em02_samp500/crn_h322/checkpoints/checkpoint_epoch5.pt

Epoch 6/20  lr=9.50e-03
------------------------------------------------------------
  [epoch 6/20]  batch 10/31  loss=0.160972
  [epoch 6/20]  batch 20/31  loss=0.187787
  [epoch 6/20]  batch 30/31  loss=0.171033
------------------------------------------------------------
Epoch   6/20  train=0.191745  val=0.164771  gap=-0.026974  time=469s  energy=0.00Wh  CO2=0.00g
  No improvement. Best val=0.161972

Epoch 7/20  lr=9.50e-03
------------------------------------------------------------
  [epoch 7/20]  batch 10/31  loss=0.174384
Signal is not finite or has very high values after bandpass filtering, returning original data.
Probably the order parameter is too high.
Max value in bandpass augmented data (the augmentation is ignored), (xmax, ymax): 1.0837706604144344 1.3759573424508562
lowcut, highcut, fs, order: 67.9782509923635 3840.4923851834756 16000 7
  [epoch 7/20]  batch 20/31  loss=0.208613
  [epoch 7/20]  batch 30/31  loss=0.255479
------------------------------------------------------------
Epoch   7/20  train=0.194653  val=0.160234  gap=-0.034419  time=470s  energy=0.00Wh  CO2=0.00g
  ✓ Best model saved (val_loss=0.160234)

Epoch 8/20  lr=9.50e-03
------------------------------------------------------------
  [epoch 8/20]  batch 10/31  loss=0.241078
  [epoch 8/20]  batch 20/31  loss=0.168351
  [epoch 8/20]  batch 30/31  loss=0.182520
------------------------------------------------------------
Epoch   8/20  train=0.197908  val=0.176509  gap=-0.021399  time=463s  energy=0.00Wh  CO2=0.00g
  No improvement. Best val=0.160234

Epoch 9/20  lr=9.50e-03
------------------------------------------------------------
  [epoch 9/20]  batch 10/31  loss=0.195189
  [epoch 9/20]  batch 20/31  loss=0.243597
  [epoch 9/20]  batch 30/31  loss=0.162237
------------------------------------------------------------
Epoch   9/20  train=0.191259  val=0.161384  gap=-0.029875  time=469s  energy=0.00Wh  CO2=0.00g
  No improvement. Best val=0.160234

Epoch 10/20  lr=9.50e-03
------------------------------------------------------------
  [epoch 10/20]  batch 10/31  loss=0.196017
  [epoch 10/20]  batch 20/31  loss=0.166706
  [epoch 10/20]  batch 30/31  loss=0.222721
------------------------------------------------------------
Epoch  10/20  train=0.191301  val=0.155149  gap=-0.036152  time=465s  energy=0.00Wh  CO2=0.00g
  ✓ Best model saved (val_loss=0.155149)
  Checkpoint saved: /gpfs/helios/home/etais/hpc_bilal/nn_proj/runs/search/lr1em02_samp500/crn_h322/checkpoints/checkpoint_epoch10.pt

Epoch 11/20  lr=9.03e-03
------------------------------------------------------------
  [epoch 11/20]  batch 10/31  loss=0.171750
  [epoch 11/20]  batch 20/31  loss=0.181273
  [epoch 11/20]  batch 30/31  loss=0.194151
------------------------------------------------------------
Epoch  11/20  train=0.186307  val=0.158128  gap=-0.028179  time=456s  energy=0.00Wh  CO2=0.00g
  No improvement. Best val=0.155149

Epoch 12/20  lr=9.03e-03
------------------------------------------------------------
  [epoch 12/20]  batch 10/31  loss=0.201953
  [epoch 12/20]  batch 20/31  loss=0.188254
  [epoch 12/20]  batch 30/31  loss=0.189754
------------------------------------------------------------
Epoch  12/20  train=0.181122  val=0.157245  gap=-0.023878  time=460s  energy=0.00Wh  CO2=0.00g
  No improvement. Best val=0.155149

Epoch 13/20  lr=9.03e-03
------------------------------------------------------------
  [epoch 13/20]  batch 10/31  loss=0.198999
  [epoch 13/20]  batch 20/31  loss=0.155113
  [epoch 13/20]  batch 30/31  loss=0.156396
------------------------------------------------------------
Epoch  13/20  train=0.178228  val=0.155791  gap=-0.022438  time=458s  energy=0.00Wh  CO2=0.00g
  No improvement. Best val=0.155149

Epoch 14/20  lr=9.03e-03
------------------------------------------------------------
  [epoch 14/20]  batch 10/31  loss=0.202075
  [epoch 14/20]  batch 20/31  loss=0.170466
  [epoch 14/20]  batch 30/31  loss=0.185195
------------------------------------------------------------
Epoch  14/20  train=0.179388  val=0.156101  gap=-0.023288  time=456s  energy=0.00Wh  CO2=0.00g
  No improvement. Best val=0.155149

Epoch 15/20  lr=9.03e-03
------------------------------------------------------------
  [epoch 15/20]  batch 10/31  loss=0.198804
  [epoch 15/20]  batch 20/31  loss=0.153218
  [epoch 15/20]  batch 30/31  loss=0.170166
------------------------------------------------------------
Epoch  15/20  train=0.178065  val=0.153343  gap=-0.024722  time=457s  energy=0.00Wh  CO2=0.00g
  ✓ Best model saved (val_loss=0.153343)
  Checkpoint saved: /gpfs/helios/home/etais/hpc_bilal/nn_proj/runs/search/lr1em02_samp500/crn_h322/checkpoints/checkpoint_epoch15.pt

Epoch 16/20  lr=8.57e-03
------------------------------------------------------------
  [epoch 16/20]  batch 10/31  loss=0.200837
  [epoch 16/20]  batch 20/31  loss=0.194647
  [epoch 16/20]  batch 30/31  loss=0.166304
------------------------------------------------------------
Epoch  16/20  train=0.181571  val=0.151102  gap=-0.030468  time=456s  energy=0.00Wh  CO2=0.00g
  ✓ Best model saved (val_loss=0.151102)

Epoch 17/20  lr=8.57e-03
------------------------------------------------------------
  [epoch 17/20]  batch 10/31  loss=0.148919
  [epoch 17/20]  batch 20/31  loss=0.132705
  [epoch 17/20]  batch 30/31  loss=0.171421
------------------------------------------------------------
Epoch  17/20  train=0.174372  val=0.153653  gap=-0.020719  time=456s  energy=0.00Wh  CO2=0.00g
  No improvement. Best val=0.151102

Epoch 18/20  lr=8.57e-03
------------------------------------------------------------
  [epoch 18/20]  batch 10/31  loss=0.139198
  [epoch 18/20]  batch 20/31  loss=0.163011
  [epoch 18/20]  batch 30/31  loss=0.155027
------------------------------------------------------------
Epoch  18/20  train=0.171633  val=0.151314  gap=-0.020319  time=455s  energy=0.00Wh  CO2=0.00g
  No improvement. Best val=0.151102

Epoch 19/20  lr=8.57e-03
------------------------------------------------------------
  [epoch 19/20]  batch 10/31  loss=0.119423
  [epoch 19/20]  batch 20/31  loss=0.174074
  [epoch 19/20]  batch 30/31  loss=0.128456
------------------------------------------------------------
Epoch  19/20  train=0.177746  val=0.152579  gap=-0.025167  time=459s  energy=0.00Wh  CO2=0.00g
  No improvement. Best val=0.151102

Epoch 20/20  lr=8.57e-03
------------------------------------------------------------
  [epoch 20/20]  batch 10/31  loss=0.134606
  [epoch 20/20]  batch 20/31  loss=0.187082
  [epoch 20/20]  batch 30/31  loss=0.170364
------------------------------------------------------------
Epoch  20/20  train=0.168158  val=0.153747  gap=-0.014410  time=456s  energy=0.00Wh  CO2=0.00g
  No improvement. Best val=0.151102
  Checkpoint saved: /gpfs/helios/home/etais/hpc_bilal/nn_proj/runs/search/lr1em02_samp500/crn_h322/checkpoints/checkpoint_epoch20.pt

======================================================================
Training complete: CRN h=322
======================================================================
Total time     : 9242s  (2.57h)
Best val loss  : 0.151102
Total energy   : 688.7263 Wh
GPU energy     : 587.2398 Wh
CPU energy     : 51.9875 Wh
RAM energy     : 49.4991 Wh
Total CO2      : 286.9695 gCO2eq
Avg GPU power  : 229.1 W
Avg CPU power  : 21.0 W
  Loss curves saved: /gpfs/helios/home/etais/hpc_bilal/nn_proj/runs/search/lr1em02_samp500/crn_h322/loss_curves.png

Final test evaluation using best model...
Best model epoch : 16
Train loss       : 0.181571
Val loss         : 0.151102
Test loss        : 0.145262


======================================================================
FINAL SUMMARY
======================================================================
Model                    Params    BestVal   TestLoss   Energy(Wh)     CO2(g)
----------------------------------------------------------------------
GRU h=322             1,196,391   0.082289   0.080818     679.2912   283.0382
CRN h=322            13,702,871   0.151102   0.145262     688.7263   286.9695

Total job time : 18618s  (5.17h)
RUN_TYPE       : search
Results saved  : /gpfs/helios/home/etais/hpc_bilal/nn_proj/runs/search/lr1em02_samp500

Next steps:
  Compare val losses across search runs.
  Pick best lr and hidden sizes.
  Submit full_train jobs with best config.

========================================================================
Block 3 search finished : Fri May 29 10:35:05 EEST 2026
Job ID                  : 66130530
========================================================================
